<html>
<body>
<pre>
<h1>µVision Build Log</h1>
<h2>Tool Versions:</h2>
IDE-Version: µVision V5.17.0.0
Copyright (C) 2015 ARM Ltd and ARM Germany GmbH. All rights reserved.
License Information: Tran Quoc Thi, UIT, LIC=----
 
Tool Versions:
Toolchain:       MDK-Lite  Version: 5.17
Toolchain Path:  C:\Keil_v5\ARM\ARMCC\Bin
C Compiler:      Armcc.exe V5.06 update 1 (build 61)
Assembler:       Armasm.exe V5.06 update 1 (build 61)
Linker/Locator:  ArmLink.exe V5.06 update 1 (build 61)
Library Manager: ArmAr.exe V5.06 update 1 (build 61)
Hex Converter:   FromElf.exe V5.06 update 1 (build 61)
CPU DLL:         SARMCM3.DLL V5.17
Dialog DLL:      DARMCM1.DLL V1.12.0.0
Target DLL:      STLink\ST-LINKIII-KEIL_SWO.dll V2.0.18.0
Dialog DLL:      TARMCM1.DLL V1.9.0.0
 
<h2>Project:</h2>
E:\Online_Project\Lap Trinh Nhung Can Ban\LTN_Final_Version\BattleShip\NUC140_Source\Source_Code\NUC140_Code.uvprojx
Project File Date:  12/06/2018

<h2>Output:</h2>
*** Using Compiler 'V5.06 update 1 (build 61)', folder: 'C:\Keil_v5\ARM\ARMCC\Bin'
Build target 'Target 1'
compiling main.c...
NUC_config.h(37): warning:  #1295-D: Deprecated declaration ESP_config - give arg types
  void ESP_config();
NUC_config.h(38): warning:  #1295-D: Deprecated declaration NUC_LED_config - give arg types
  void NUC_LED_config();
NUC_config.h(45): warning:  #1295-D: Deprecated declaration NUC_button_config - give arg types
  void NUC_button_config();
NUC_config.h(46): warning:  #1295-D: Deprecated declaration set_debounce_button - give arg types
  void set_debounce_button();
NUC_config.h(47): warning:  #1295-D: Deprecated declaration set_TimerPWM_Vibra - give arg types
  void set_TimerPWM_Vibra();
NUC_config.h(48): warning:  #1295-D: Deprecated declaration enable_Timer0 - give arg types
  void enable_Timer0();
main.c(60): warning:  #111-D: statement is unreachable
  	return 0;
main.c: 7 warnings, 0 errors
compiling NUC_config.c...
NUC_config.h(37): warning:  #1295-D: Deprecated declaration ESP_config - give arg types
  void ESP_config();
NUC_config.h(38): warning:  #1295-D: Deprecated declaration NUC_LED_config - give arg types
  void NUC_LED_config();
NUC_config.h(45): warning:  #1295-D: Deprecated declaration NUC_button_config - give arg types
  void NUC_button_config();
NUC_config.h(46): warning:  #1295-D: Deprecated declaration set_debounce_button - give arg types
  void set_debounce_button();
NUC_config.h(47): warning:  #1295-D: Deprecated declaration set_TimerPWM_Vibra - give arg types
  void set_TimerPWM_Vibra();
NUC_config.h(48): warning:  #1295-D: Deprecated declaration enable_Timer0 - give arg types
  void enable_Timer0();
NUC_config.c: 6 warnings, 0 errors
linking...
Program Size: Code=6204 RO-data=240 RW-data=164 ZI-data=1220  
FromELF: creating hex file...
".\Objects\test.axf" - 0 Error(s), 13 Warning(s).

<h2>Collection of Component include folders:</h2>
  E:\Online_Project\Lap Trinh Nhung Can Ban\LTN_Final_Version\BattleShip\NUC140_Source\Source_Code\RTE
  C:\Keil_v5\ARM\PACK\Nuvoton\NuMicro_DFP\1.3.2\Device\NUC100\Include

<h2>Collection of Component Files used:</h2>
Build Time Elapsed:  00:00:00
</pre>
</body>
</html>
