<html>
<body>
<pre>
<h1>µVision Build Log</h1>
<h2>Tool Versions:</h2>
IDE-Version: µVision V5.17.0.0
Copyright (C) 2015 ARM Ltd and ARM Germany GmbH. All rights reserved.
License Information: Tran Quoc Thi, UIT, LIC=----
 
Tool Versions:
Toolchain:       MDK-Lite  Version: 5.17
Toolchain Path:  C:\Keil_v5\ARM\ARMCC\Bin
C Compiler:      Armcc.exe V5.06 update 1 (build 61)
Assembler:       Armasm.exe V5.06 update 1 (build 61)
Linker/Locator:  ArmLink.exe V5.06 update 1 (build 61)
Library Manager: ArmAr.exe V5.06 update 1 (build 61)
Hex Converter:   FromElf.exe V5.06 update 1 (build 61)
CPU DLL:         SARMCM3.DLL V5.17
Dialog DLL:      DARMCM1.DLL V1.12.0.0
Target DLL:      STLink\ST-LINKIII-KEIL_SWO.dll V2.0.18.0
Dialog DLL:      TARMCM1.DLL V1.9.0.0
 
<h2>Project:</h2>
E:\Online_Project\Lap Trinh Nhung Can Ban\Code_Resposity\DoAn_LTN\Source_Code\NUC140_Code.uvprojx
Project File Date:  11/06/2018

<h2>Output:</h2>
*** Using Compiler 'V5.06 update 1 (build 61)', folder: 'C:\Keil_v5\ARM\ARMCC\Bin'
Rebuild target 'Target 1'
assembling startup_NUC1xx.s...
compiling system_NUC1xx.c...
compiling core_cm0.c...
compiling main.c...
NUC_config.h(25): warning:  #1295-D: Deprecated declaration ESP_config - give arg types
  void ESP_config();
NUC_config.h(26): warning:  #1295-D: Deprecated declaration NUC_LED_config - give arg types
  void NUC_LED_config();
NUC_config.h(32): warning:  #1295-D: Deprecated declaration NUC_button_config - give arg types
  void NUC_button_config();
NUC_config.h(33): warning:  #1295-D: Deprecated declaration set_debounce_button - give arg types
  void set_debounce_button();
main.c(58): warning:  #111-D: statement is unreachable
  	return 0;
main.c: 5 warnings, 0 errors
compiling NUC_config.c...
NUC_config.h(25): warning:  #1295-D: Deprecated declaration ESP_config - give arg types
  void ESP_config();
NUC_config.h(26): warning:  #1295-D: Deprecated declaration NUC_LED_config - give arg types
  void NUC_LED_config();
NUC_config.h(32): warning:  #1295-D: Deprecated declaration NUC_button_config - give arg types
  void NUC_button_config();
NUC_config.h(33): warning:  #1295-D: Deprecated declaration set_debounce_button - give arg types
  void set_debounce_button();
NUC_config.c: 4 warnings, 0 errors
compiling DrvGPIO.c...
compiling DrvUART.c...
compiling DrvSYS.c...
linking...
Program Size: Code=5300 RO-data=240 RW-data=72 ZI-data=1136  
FromELF: creating hex file...
".\Objects\NUC140_Code.axf" - 0 Error(s), 9 Warning(s).

<h2>Collection of Component include folders:</h2>
  E:\Online_Project\Lap Trinh Nhung Can Ban\Code_Resposity\DoAn_LTN\Source_Code\RTE
  C:\Keil_v5\ARM\PACK\Nuvoton\NuMicro_DFP\1.3.2\Device\NUC100\Include

<h2>Collection of Component Files used:</h2>
Build Time Elapsed:  00:00:03
</pre>
</body>
</html>
